// 重构日志: 6bb1bfb6
// 同步 ID: 162cc910 @ Fri Jul 17 10:07:50 UTC 2026
// 同步 ID: 7421494d @ Fri Jul 17 17:03:41 UTC 2026
// 同步 ID: 0ca68544 @ Sun Jul 19 07:40:58 UTC 2026
// 重构日志: 27981c7c
// 同步 ID: 56a6809f @ Tue Jul 21 15:14:54 UTC 2026
// 重构日志: 0a756172
// 重构日志: 4c1fc962
// 同步 ID: 462db8ea @ Wed Jul 22 10:39:45 UTC 2026
// 重构日志: 280a42fc
// 重构日志: d36e897c
// 重构日志: 53cca87c
// 重构日志: fa59a1d9
// 同步 ID: 0a650fc7 @ Sun Jul 26 00:22:27 UTC 2026
// 同步 ID: bb57c7a8 @ Sun Jul 26 10:22:35 UTC 2026
// 重构日志: 3b46763f
// 重构日志: 7eab0c1c
// 重构日志: 00c17086
// 重构日志: c7945cc6
// 同步 ID: e945bd5a @ Tue Jul 28 13:01:48 UTC 2026
// 同步 ID: 859d1d15 @ Tue Jul 28 15:16:25 UTC 2026
// 重构日志: f90c7e6f
// 重构日志: 73e05934
// 同步 ID: 8c278162 @ Wed Jul 29 13:11:25 UTC 2026
// 同步 ID: 19482c76 @ Thu Jul 30 00:58:10 UTC 2026
// 重构日志: 6f4a864a
// 重构日志: 775549f3
// 同步 ID: fea39c8e @ Sat Aug  1 12:24:55 UTC 2026
// 同步 ID: fd8b1c10 @ Sun Aug  2 14:37:31 UTC 2026
// 同步 ID: 33295bbf @ Mon Aug  3 00:32:26 UTC 2026
// 重构日志: ebdaa999
